# Complex VFM shell mesh
# Geometry: ~15 cm x 8 cm x 1.6 mm plate with four circular holes
# (6 in x 3 in x 1/16 in, all dimensions in SI metres)
# Hole radius: 0.0254 m (1 in)
#   centres at (+/-0.0381, 0) and (0, +/-0.04572) m
#
# This produces TWO meshes at different resolutions:
#   - fine_complex_vfm.g   (element size ~1.9 mm, for gold simulation)
#   - coarse_complex_vfm.g (element size ~3.2 mm, for VFM model input)
#
# Both are 2D surface meshes extracted from the front face
# of the 3D geometry, matching the approach used for DIC
# surface data in a VFM workflow.

# W = {W = 6.0*0.0254}
# L = {L = 3.0*0.0254}
# D = {D = 0.0625*0.0254}
# R = {R = 1.0*0.0254}
# cx = {cx = 1.5*0.0254}
# cy = {cy = 1.8*0.0254}

reset
brick x {W} y {L} z {D}
webcut volume 1 with cylinder radius {R} axis z center {cx} 0 0
webcut volume 1 with cylinder radius {R} axis z center {-cx} 0 0
del vol 2 3
webcut volume 1 with cylinder radius {R} axis z center 0 {cy} 0
webcut volume 1 with cylinder radius {R} axis z center 0 {-cy} 0
del vol 4 5

sideset 1 add surface with z_coord > {0.99999*D/2}
sideset 1 name "dicsurface"

nodeset 1 add surface with y_coord < {0.99999*-L/2}
nodeset 1 name "bottom_nodes"

nodeset 2 add surface with y_coord > {0.99999*L/2}
nodeset 2 name "top_nodes"

nodeset 3 add vertex with y_coord > {0.99999*L/2} and x_coord > {0.99999*W/2} and z_coord > {D/2*0.99999}
nodeset 3 name "fixed_x_node_set"

nodeset 4 add vertex with y_coord > {0.99999*L/2} and x_coord > {0.99999*W/2} and z_coord > {D/2*0.99999}
nodeset 4 add vertex with y_coord > {0.99999*L/2} and x_coord < {-0.99999*W/2} and z_coord > {D/2*0.99999}
nodeset 4 add vertex with y_coord < {-0.99999*L/2} and x_coord < {-0.99999*W/2} and z_coord > {D/2*0.99999}
nodeset 4 name "fixed_z_node_set"

# Fine mesh for gold simulation
# mesh_size = {mesh_size = W/80}
vol all size {mesh_size}
mesh vol all
block 1 add surf in sideset 1
block 1 name "block_main"

set exodus netcdf4 off
set large exodus file on
export mesh "fine_complex_vfm.g" overwrite

# Coarse mesh for VFM model
del block 1
del mesh vol all propagate
# coarse_mesh_size = {coarse_mesh_size = W/48}
vol all size {coarse_mesh_size}
mesh vol all
block 1 add surf in sideset 1
block 1 name "block_main"
export mesh "coarse_complex_vfm.g" overwrite
